Microchip MPLAB XC8 Compiler V2.40

Linker command line:

-W-3 \
  --edf=C:\Program Files\Microchip\xc8\v2.40\pic\dat\20220703182018_en.msgs \
  -cn -h+dist/default/production\smarthouse1.X.production.sym \
  --cmf=dist/default/production\smarthouse1.X.production.cmf -z -w9 \
  --disl=596:off --norlf -Q18F87K22 \
  -oC:\Users\drago\AppData\Local\Temp\xcAsjrs.4 --defsym=__MPLAB_BUILD=1 \
  -Mdist/default/production/smarthouse1.X.production.map \
  --md=C:\Users\drago\AppData\Local\Temp\xcAsjrs.dat -E1 -ver=XC8 Compiler \
  --acfsm=1493 -ACODE=00h-01FFFFh -ACONST=00h-01FFFFh \
  -ASMALLCONST=01000h-010FFhx496 \
  -AMEDIUMCONST=01000h-0FFFFh,011000h-01FFFFh -ACOMRAM=01h-05Fh \
  -AABS1=00h-0F15h -ABIGRAM=01h-0F15h \
  -ARAM=060h-0FFh,0100h-01FFhx14,0F00h-0F15h -ABANK0=060h-0FFh \
  -ABANK1=0100h-01FFh -ABANK2=0200h-02FFh -ABANK3=0300h-03FFh \
  -ABANK4=0400h-04FFh -ABANK5=0500h-05FFh -ABANK6=0600h-06FFh \
  -ABANK7=0700h-07FFh -ABANK8=0800h-08FFh -ABANK9=0900h-09FFh \
  -ABANK10=0A00h-0AFFh -ABANK11=0B00h-0BFFh -ABANK12=0C00h-0CFFh \
  -ABANK13=0D00h-0DFFh -ABANK14=0E00h-0EFFh -ABANK15=0F00h-0F15h \
  -ASFR=0F16h-0F5Fh,0F60h-0FFFh -ABIGSFR=0F16h-0FFFh \
  -ACONFIG=0300000h-030000Dh -AIDLOC=0200000h-0200007h \
  -AEEDATA=0F00000h-0F003FFh -peeprom_data=EEDATA \
  -preset_vec=00h,intcode,intcodelo,powerup,init -pramtop=01000h \
  -psmallconst=SMALLCONST -pmediumconst=MEDIUMCONST -pconst=CONST \
  -AFARRAM=00h-00h \
  -prdata=COMRAM,nvrram=COMRAM,nvbit=COMRAM,rbss=COMRAM,rbit=COMRAM \
  -pfarbss=FARRAM,fardata=FARRAM,nvFARRAM=FARRAM \
  -pintsave_regs=BIGRAM,bigbss=BIGRAM,bigdata=BIGRAM -pbss=RAM \
  -pidata=CODE,irdata=CODE,ibigdata=CODE,ifardata=CODE \
  C:\Users\drago\AppData\Local\Temp\xcAsjrs.o \
  dist/default/production\smarthouse1.X.production.o 

Object code version is 3.11

Machine type is 18F87K22



                Name                               Link     Load   Length Selector   Space Scale
C:\Users\drago\AppData\Local\Temp\xcAsjrs.o
                idloc                            200000   200000        8        0       5
                config                           300000   300000        E        0       4
                init                                11C      11C        4        0       0
dist/default/production\smarthouse1.X.production.o
                intcode                               0        0      11C        0       0
                idloc                            200000   200000        8        0       5
                config                           300000   300000        E        0       4
                temp                                 5A       5A        1        1       1
                mediumconst                        FE3E     FE3E      1C2     7F1F       0
                text36                            105DC    105DC       2A     8000       0
                text35                            10718    10718        6     8000       0
                text34                            10724    10724        2     8000       0
                text33                            10712    10712        6     8000       0
                text32                            100C4    100C4       C0     8000       0
                text31                            10544    10544       40     8000       0
                text30                            105B2    105B2       2A     8000       0
                text29                            1070C    1070C        6     8000       0
                text28                            10722    10722        2     8000       0
                text27                            10704    10704        8     8000       0
                text26                            10000    10000       C4     8000       0
                text25                            10502    10502       42     8000       0
                text23                            10644    10644       16     8000       0
                text22                            106EC    106EC        E     8000       0
                text21                            106DE    106DE        E     8000       0
                text20                            106D0    106D0        E     8000       0
                text19                            106C2    106C2        E     8000       0
                text18                            106B4    106B4        E     8000       0
                text17                            102A4    102A4       88     8000       0
                text16                            106A6    106A6        E     8000       0
                text15                            10698    10698        E     8000       0
                text14                            1068A    1068A        E     8000       0
                text13                            1067C    1067C        E     8000       0
                text12                            1066E    1066E        E     8000       0
                text11                            1021A    1021A       8A     8000       0
                text10                            1071E    1071E        4     8000       0
                text9                             1065A    1065A       14     8000       0
                text8                             104C0    104C0       42     8000       0
                text7                             1062E    1062E       16     8000       0
                text6                             10418    10418       56     8000       0
                text5                             106FA    106FA        A     8000       0
                text4                             10184    10184       96     8000       0
                text3                             1032C    1032C       86     8000       0
                text2                             1046E    1046E       52     8000       0
                text1                             10606    10606       28     8000       0
                text0                             103B2    103B2       66     8000       0
                cstackCOMRAM                         21       21       1F        1       1
                cstackBANK1                         1C0      1C0        2      100       1
                bssBANK1                            100      100       C0      100       1
                bssBANK0                             60       60       A0       60       1
                bssCOMRAM                            40       40       1A        1       1
                cinit                             10584    10584       2E     8000       0
                nvCOMRAM                              1        1       20        1       1

TOTAL           Name                               Link     Load   Length     Space
        CLASS   CODE           
                intcode                               0        0      11C         0
                init                                11C      11C        4         0
                text36                            105DC    105DC       2A         0
                text35                            10718    10718        6         0
                text34                            10724    10724        2         0
                text33                            10712    10712        6         0
                text32                            100C4    100C4       C0         0
                text31                            10544    10544       40         0
                text30                            105B2    105B2       2A         0
                text29                            1070C    1070C        6         0
                text28                            10722    10722        2         0
                text27                            10704    10704        8         0
                text26                            10000    10000       C4         0
                text25                            10502    10502       42         0
                text23                            10644    10644       16         0
                text22                            106EC    106EC        E         0
                text21                            106DE    106DE        E         0
                text20                            106D0    106D0        E         0
                text19                            106C2    106C2        E         0
                text18                            106B4    106B4        E         0
                text17                            102A4    102A4       88         0
                text16                            106A6    106A6        E         0
                text15                            10698    10698        E         0
                text14                            1068A    1068A        E         0
                text13                            1067C    1067C        E         0
                text12                            1066E    1066E        E         0
                text11                            1021A    1021A       8A         0
                text10                            1071E    1071E        4         0
                text9                             1065A    1065A       14         0
                text8                             104C0    104C0       42         0
                text7                             1062E    1062E       16         0
                text6                             10418    10418       56         0
                text5                             106FA    106FA        A         0
                text4                             10184    10184       96         0
                text3                             1032C    1032C       86         0
                text2                             1046E    1046E       52         0
                text1                             10606    10606       28         0
                text0                             103B2    103B2       66         0
                cinit                             10584    10584       2E         0

        CLASS   CONST          

        CLASS   SMALLCONST     

        CLASS   MEDIUMCONST    
                mediumconst                        FE3E     FE3E      1C2         0

        CLASS   COMRAM         
                temp                                 5A       5A        1         1
                cstackCOMRAM                         21       21       1F         1
                bssCOMRAM                            40       40       1A         1
                nvCOMRAM                              1        1       20         1

        CLASS   ABS1           

        CLASS   BIGRAM         

        CLASS   RAM            

        CLASS   BANK0          
                bssBANK0                             60       60       A0         1

        CLASS   BANK1          
                cstackBANK1                         1C0      1C0        2         1
                bssBANK1                            100      100       C0         1

        CLASS   BANK2          

        CLASS   BANK3          

        CLASS   BANK4          

        CLASS   BANK5          

        CLASS   BANK6          

        CLASS   BANK7          

        CLASS   BANK8          

        CLASS   BANK9          

        CLASS   BANK10         

        CLASS   BANK11         

        CLASS   BANK12         

        CLASS   BANK13         

        CLASS   BANK14         

        CLASS   BANK15         

        CLASS   SFR            

        CLASS   BIGSFR         

        CLASS   CONFIG         
                config                           300000   300000        E         4

        CLASS   IDLOC          
                idloc                            200000   200000        8         5

        CLASS   EEDATA         

        CLASS   FARRAM         

        CLASS   HEAP           

        CLASS   STACK          



SEGMENTS        Name                           Load    Length   Top    Selector   Space  Class

                reset_vec                      000000  000120  000120         0       0  CODE    
                nvCOMRAM                       000001  00005A  00005B         1       1  COMRAM  
                bssBANK0                       000060  0000A0  000100        60       1  BANK0   
                bssBANK1                       000100  0000C2  0001C2       100       1  BANK1   
                mediumconst                    00FE3E  0001C2  010000      7F1F       0  MEDIUMCO
                text26                         010000  000726  010726      8000       0  CODE    


UNUSED ADDRESS RANGES

        Name                Unused          Largest block    Delta
        BANK1            0001C2-0001FF               3E
        BANK10           000A00-000AFF              100
        BANK11           000B00-000BFF              100
        BANK12           000C00-000CFF              100
        BANK13           000D00-000DFF              100
        BANK14           000E00-000EFF              100
        BANK15           000F00-000F15               16
        BANK2            000200-0002FF              100
        BANK3            000300-0003FF              100
        BANK4            000400-0004FF              100
        BANK5            000500-0005FF              100
        BANK6            000600-0006FF              100
        BANK7            000700-0007FF              100
        BANK8            000800-0008FF              100
        BANK9            000900-0009FF              100
        BIGRAM           00005B-00005F                5
                         0001C2-000F15              D54
        BIGSFR           000F16-000FFF               EA
        CODE             000120-00FE3D             FD1E
                         010726-01FFFF             F8DA
        COMRAM           00005B-00005F                5
        CONST            000120-00FE3D             FD1E
                         010726-01FFFF             F8DA
        EEDATA           F00000-F003FF              400
        MEDIUMCONST      001000-00FE3D             EE3E
                         011000-01FFFF             F000
        RAM              0001C2-000F15              100
        SFR              000F16-000FFF               4A
        SMALLCONST       001000-00FE3D              100
                         010726-01FFFF              100

                                  Symbol Table

_INTERRUPT_InterruptManager                     intcode      000000
__HRAM                                          (abs)        000000
__Habs1                                         abs1         000000
__Hbank0                                        bank0        000000
__Hbank1                                        bank1        000000
__Hbank10                                       bank10       000000
__Hbank11                                       bank11       000000
__Hbank12                                       bank12       000000
__Hbank13                                       bank13       000000
__Hbank14                                       bank14       000000
__Hbank15                                       bank15       000000
__Hbank2                                        bank2        000000
__Hbank3                                        bank3        000000
__Hbank4                                        bank4        000000
__Hbank5                                        bank5        000000
__Hbank6                                        bank6        000000
__Hbank7                                        bank7        000000
__Hbank8                                        bank8        000000
__Hbank9                                        bank9        000000
__Hbigbss                                       bigbss       000000
__Hbigdata                                      bigdata      000000
__Hbigram                                       bigram       000000
__Hbigsfr                                       bigsfr       000000
__Hbss                                          bss          000000
__HbssBANK0                                     bssBANK0     000000
__HbssBANK1                                     bssBANK1     000000
__HbssCOMRAM                                    bssCOMRAM    000000
__Hcinit                                        cinit        000000
__Hclrtext                                      clrtext      000000
__Hcomram                                       comram       000000
__Hconst                                        const        000000
__HcstackBANK1                                  cstackBANK1  000000
__HcstackCOMRAM                                 cstackCOMRAM 000000
__Hdata                                         data         000000
__Heeprom_data                                  eeprom_data  000000
__Hfarbss                                       farbss       000000
__Hfardata                                      fardata      000000
__Hheap                                         heap         000000
__Hibigdata                                     ibigdata     000000
__Hidata                                        idata        000000
__Hifardata                                     ifardata     000000
__Hintcode_body                                 intcode_body 000000
__Hintentry                                     intentry     000000
__Hintret                                       intret       000000
__Hintsave_regs                                 intsave_regs 000000
__Hirdata                                       irdata       000000
__HnvCOMRAM                                     nvCOMRAM     000000
__HnvFARRAM                                     nvFARRAM     000000
__Hnvbit                                        nvbit        000000
__Hnvrram                                       nvrram       000000
__Hparam                                        rparam       000000
__Hram                                          ram          000000
__Hrbit                                         rbit         000000
__Hrbss                                         rbss         000000
__Hrdata                                        rdata        000000
__Hreset_vec                                    reset_vec    000000
__Hrparam                                       rparam       000000
__Hsfr                                          sfr          000000
__Hsmallconst                                   smallconst   000000
__Hspace_2                                      (abs)        000000
__Hstack                                        stack        000000
__Hstruct                                       struct       000000
__Htext                                         text         000000
__Htext0                                        text0        000000
__Htext1                                        text1        000000
__Htext10                                       text10       000000
__Htext11                                       text11       000000
__Htext12                                       text12       000000
__Htext13                                       text13       000000
__Htext14                                       text14       000000
__Htext15                                       text15       000000
__Htext16                                       text16       000000
__Htext17                                       text17       000000
__Htext18                                       text18       000000
__Htext19                                       text19       000000
__Htext2                                        text2        000000
__Htext20                                       text20       000000
__Htext21                                       text21       000000
__Htext22                                       text22       000000
__Htext23                                       text23       000000
__Htext25                                       text25       000000
__Htext26                                       text26       000000
__Htext27                                       text27       000000
__Htext28                                       text28       000000
__Htext29                                       text29       000000
__Htext3                                        text3        000000
__Htext30                                       text30       000000
__Htext31                                       text31       000000
__Htext32                                       text32       000000
__Htext33                                       text33       000000
__Htext34                                       text34       000000
__Htext35                                       text35       000000
__Htext36                                       text36       000000
__Htext37                                       text37       000000
__Htext4                                        text4        000000
__Htext5                                        text5        000000
__Htext6                                        text6        000000
__Htext7                                        text7        000000
__Htext8                                        text8        000000
__Htext9                                        text9        000000
__Labs1                                         abs1         000000
__Lbank0                                        bank0        000000
__Lbank1                                        bank1        000000
__Lbank10                                       bank10       000000
__Lbank11                                       bank11       000000
__Lbank12                                       bank12       000000
__Lbank13                                       bank13       000000
__Lbank14                                       bank14       000000
__Lbank15                                       bank15       000000
__Lbank2                                        bank2        000000
__Lbank3                                        bank3        000000
__Lbank4                                        bank4        000000
__Lbank5                                        bank5        000000
__Lbank6                                        bank6        000000
__Lbank7                                        bank7        000000
__Lbank8                                        bank8        000000
__Lbank9                                        bank9        000000
__Lbigbss                                       bigbss       000000
__Lbigdata                                      bigdata      000000
__Lbigram                                       bigram       000000
__Lbigsfr                                       bigsfr       000000
__Lbss                                          bss          000000
__LbssBANK0                                     bssBANK0     000000
__LbssBANK1                                     bssBANK1     000000
__LbssCOMRAM                                    bssCOMRAM    000000
__Lcinit                                        cinit        000000
__Lclrtext                                      clrtext      000000
__Lcomram                                       comram       000000
__Lconfig                                       config       000000
__Lconst                                        const        000000
__LcstackBANK1                                  cstackBANK1  000000
__LcstackCOMRAM                                 cstackCOMRAM 000000
__Ldata                                         data         000000
__Leeprom_data                                  eeprom_data  000000
__Lfarbss                                       farbss       000000
__Lfardata                                      fardata      000000
__Lheap                                         heap         000000
__Libigdata                                     ibigdata     000000
__Lidata                                        idata        000000
__Lidloc                                        idloc        000000
__Lifardata                                     ifardata     000000
__Lintcode                                      intcode      000000
__Lintcode_body                                 intcode_body 000000
__Lintentry                                     intentry     000000
__Lintret                                       intret       000000
__Lintsave_regs                                 intsave_regs 000000
__Lirdata                                       irdata       000000
__LnvCOMRAM                                     nvCOMRAM     000000
__LnvFARRAM                                     nvFARRAM     000000
__Lnvbit                                        nvbit        000000
__Lnvrram                                       nvrram       000000
__Lparam                                        rparam       000000
__Lram                                          ram          000000
__Lrbit                                         rbit         000000
__Lrbss                                         rbss         000000
__Lrdata                                        rdata        000000
__Lreset_vec                                    reset_vec    000000
__Lrparam                                       rparam       000000
__Lsfr                                          sfr          000000
__Lsmallconst                                   smallconst   000000
__Lspace_0                                      (abs)        000000
__Lspace_1                                      (abs)        000000
__Lspace_2                                      (abs)        000000
__Lspace_4                                      (abs)        000000
__Lstack                                        stack        000000
__Lstruct                                       struct       000000
__Ltext                                         text         000000
__Ltext0                                        text0        000000
__Ltext1                                        text1        000000
__Ltext10                                       text10       000000
__Ltext11                                       text11       000000
__Ltext12                                       text12       000000
__Ltext13                                       text13       000000
__Ltext14                                       text14       000000
__Ltext15                                       text15       000000
__Ltext16                                       text16       000000
__Ltext17                                       text17       000000
__Ltext18                                       text18       000000
__Ltext19                                       text19       000000
__Ltext2                                        text2        000000
__Ltext20                                       text20       000000
__Ltext21                                       text21       000000
__Ltext22                                       text22       000000
__Ltext23                                       text23       000000
__Ltext25                                       text25       000000
__Ltext26                                       text26       000000
__Ltext27                                       text27       000000
__Ltext28                                       text28       000000
__Ltext29                                       text29       000000
__Ltext3                                        text3        000000
__Ltext30                                       text30       000000
__Ltext31                                       text31       000000
__Ltext32                                       text32       000000
__Ltext33                                       text33       000000
__Ltext34                                       text34       000000
__Ltext35                                       text35       000000
__Ltext36                                       text36       000000
__Ltext37                                       text37       000000
__Ltext4                                        text4        000000
__Ltext5                                        text5        000000
__Ltext6                                        text6        000000
__Ltext7                                        text7        000000
__Ltext8                                        text8        000000
__Ltext9                                        text9        000000
__S4                                            (abs)        000000
__S5                                            (abs)        000000
___heap_hi                                      (abs)        000000
___heap_lo                                      (abs)        000000
___inthi_sp                                     stack        000000
___intlo_sp                                     stack        000000
___param_bank                                   (abs)        000000
___sp                                           stack        000000
__pintcode                                      intcode      000000
__ptext37                                       text37       000000
__smallconst                                    smallconst   000000
_obrada_zahteva                                                    
intlevel0                                       text         000000
intlevel1                                       text         000000
intlevel2                                       text         000000
intlevel3                                       text         000000
_EUSART1_ErrorHandler                           nvCOMRAM     000001
__LRAM                                          (abs)        000001
___rparam_used                                  (abs)        000001
__pnvCOMRAM                                     nvCOMRAM     000001
__activetblptr                                  (abs)        000003
_EUSART1_OverrunErrorHandler                    nvCOMRAM     000004
_EUSART1_FramingErrorHandler                    nvCOMRAM     000007
_EUSART1_RxDefaultInterruptHandler              nvCOMRAM     00000A
_EUSART1_TxDefaultInterruptHandler              nvCOMRAM     00000D
_EUSART2_ErrorHandler                           nvCOMRAM     000010
_EUSART2_OverrunErrorHandler                    nvCOMRAM     000013
_EUSART2_FramingErrorHandler                    nvCOMRAM     000016
_EUSART2_RxDefaultInterruptHandler              nvCOMRAM     000019
_EUSART2_TxDefaultInterruptHandler              nvCOMRAM     00001C
_eusart1TxBufferRemaining                       nvCOMRAM     00001F
_eusart2TxBufferRemaining                       nvCOMRAM     000020
__pcstackCOMRAM                                 cstackCOMRAM 000021
EUSART1_SetErrorHandler@interruptHandler        cstackCOMRAM 000025
EUSART1_SetFramingErrorHandler@interruptHandler cstackCOMRAM 000025
EUSART1_SetOverrunErrorHandler@interruptHandler cstackCOMRAM 000025
EUSART1_SetRxInterruptHandler@interruptHandler  cstackCOMRAM 000025
EUSART1_SetTxInterruptHandler@interruptHandler  cstackCOMRAM 000025
EUSART1_Write@txData                            cstackCOMRAM 000025
EUSART2_SetErrorHandler@interruptHandler        cstackCOMRAM 000025
EUSART2_SetFramingErrorHandler@interruptHandler cstackCOMRAM 000025
EUSART2_SetOverrunErrorHandler@interruptHandler cstackCOMRAM 000025
EUSART2_SetRxInterruptHandler@interruptHandler  cstackCOMRAM 000025
EUSART2_SetTxInterruptHandler@interruptHandler  cstackCOMRAM 000025
fputc@c                                         cstackCOMRAM 000027
fputc@fp                                        cstackCOMRAM 000029
?_vfprintf                                      cstackCOMRAM 000036
?_printf                                        cstackCOMRAM 00003E
__pbssCOMRAM                                    bssCOMRAM    000040
_eusart2TxBuffer                                bssCOMRAM    000040
_width                                          bssCOMRAM    000048
_prec                                           bssCOMRAM    00004A
_flags                                          bssCOMRAM    00004C
_eusart1RxLastError                             bssCOMRAM    00004E
_eusart1RxCount                                 bssCOMRAM    00004F
_eusart1RxTail                                  bssCOMRAM    000050
_eusart1RxHead                                  bssCOMRAM    000051
_eusart1TxTail                                  bssCOMRAM    000052
_eusart1TxHead                                  bssCOMRAM    000053
_eusart2RxLastError                             bssCOMRAM    000054
_eusart2RxCount                                 bssCOMRAM    000055
_eusart2RxTail                                  bssCOMRAM    000056
_eusart2RxHead                                  bssCOMRAM    000057
_eusart2TxTail                                  bssCOMRAM    000058
_eusart2TxHead                                  bssCOMRAM    000059
__Ltemp                                         temp         00005A
btemp                                           temp         00005A
int$flags                                       temp         00005A
__Htemp                                         temp         00005B
__accesstop                                     (abs)        000060
__pbssBANK0                                     bssBANK0     000060
_eusart1RxStatusBuffer                          bssBANK0     000060
_eusart2RxStatusBuffer                          bssBANK0     0000A0
__pbssBANK1                                     bssBANK1     000100
_eusart1RxBuffer                                bssBANK1     000100
__Hintcode                                      intcode      00011C
__Hintcodelo                                    intcodelo    00011C
__Hpowerup                                      powerup      00011C
__Linit                                         init         00011C
__Lintcodelo                                    intcodelo    00011C
__Lpowerup                                      powerup      00011C
__end_of_INTERRUPT_InterruptManager             intcode      00011C
__Hinit                                         init         000120
_eusart1TxBuffer                                bssBANK1     000140
_eusart2RxBuffer                                bssBANK1     000180
__pcstackBANK1                                  cstackBANK1  0001C0
__Hspace_1                                      (abs)        0001C2
__S1                                            (abs)        0001C2
_TXREG2                                         (abs)        000F1C
_RCREG2                                         (abs)        000F1D
_SPBRG2                                         (abs)        000F1E
_SPBRGH2                                        (abs)        000F1F
_BAUDCON2                                       (abs)        000F20
_TXSTA2                                         (abs)        000F21
_TXSTA2bits                                     (abs)        000F21
_RCSTA2                                         (abs)        000F22
_RCSTA2bits                                     (abs)        000F22
_ANCON2                                         (abs)        000F23
_ANCON1                                         (abs)        000F24
_ANCON0                                         (abs)        000F25
_REFOCON                                        (abs)        000F2A
_OSCCON2                                        (abs)        000F64
_BAUDCON1                                       (abs)        000F65
_LATA                                           (abs)        000F89
_LATB                                           (abs)        000F8A
_LATC                                           (abs)        000F8B
_LATD                                           (abs)        000F8C
_LATE                                           (abs)        000F8D
_LATF                                           (abs)        000F8E
_LATG                                           (abs)        000F8F
_LATH                                           (abs)        000F90
_TRISA                                          (abs)        000F92
_TRISB                                          (abs)        000F93
_TRISC                                          (abs)        000F94
_TRISD                                          (abs)        000F95
_TRISE                                          (abs)        000F96
_TRISF                                          (abs)        000F97
_TRISG                                          (abs)        000F98
_TRISH                                          (abs)        000F99
_OSCTUNE                                        (abs)        000F9B
_PIE1bits                                       (abs)        000F9D
_PIR1bits                                       (abs)        000F9E
_PIE3bits                                       (abs)        000FA3
_PIR3bits                                       (abs)        000FA4
_RCSTA1                                         (abs)        000FAB
_RCSTA1bits                                     (abs)        000FAB
_TXSTA1                                         (abs)        000FAC
_TXSTA1bits                                     (abs)        000FAC
_TXREG1                                         (abs)        000FAD
_RCREG1                                         (abs)        000FAE
_SPBRG1                                         (abs)        000FAF
_RCONbits                                       (abs)        000FD0
_OSCCON                                         (abs)        000FD3
_SPBRGH1                                        (abs)        000FD4
_INTCONbits                                     (abs)        000FF2
__Hramtop                                       ramtop       001000
__Lramtop                                       ramtop       001000
__ramtop                                        ramtop       001000
__Lmediumconst                                  mediumconst  00FE3E
__mediumconst                                   mediumconst  00FE3E
__pmediumconst                                  mediumconst  00FE3E
_EUSART2_Receive_ISR                            text26       010000
__Hmediumconst                                  mediumconst  010000
__ptext26                                       text26       010000
_EUSART1_Receive_ISR                            text32       0100C4
__end_of_EUSART2_Receive_ISR                    text26       0100C4
__ptext32                                       text32       0100C4
__end_of_EUSART1_Receive_ISR                    text32       010184
__ptext4                                        text4        010184
_fputc                                          text4        010184
_EUSART2_Initialize                             text11       01021A
__end_of_fputc                                  text4        01021A
__ptext11                                       text11       01021A
_EUSART1_Initialize                             text17       0102A4
__end_of_EUSART2_Initialize                     text11       0102A4
__ptext17                                       text17       0102A4
__end_of_EUSART1_Initialize                     text17       01032C
__ptext3                                        text3        01032C
_vfpfcnvrt                                      text3        01032C
__end_of_vfpfcnvrt                              text3        0103B2
__ptext0                                        text0        0103B2
_main                                           text0        0103B2
_EUSART1_Write                                  text6        010418
__end_of_main                                   text0        010418
__ptext6                                        text6        010418
__end_of_EUSART1_Write                          text6        01046E
__ptext2                                        text2        01046E
_vfprintf                                       text2        01046E
_PIN_MANAGER_Initialize                         text8        0104C0
__end_of_vfprintf                               text2        0104C0
__ptext8                                        text8        0104C0
_EUSART2_Transmit_ISR                           text25       010502
__end_of_PIN_MANAGER_Initialize                 text8        010502
__ptext25                                       text25       010502
_EUSART1_Transmit_ISR                           text31       010544
__end_of_EUSART2_Transmit_ISR                   text25       010544
__ptext31                                       text31       010544
__end_of_EUSART1_Transmit_ISR                   text31       010584
__initialization                                cinit        010584
__pcinit                                        cinit        010584
__end_of__initialization                        cinit        0105A8
end_of_initialization                           cinit        0105A8
_EUSART2_RxDataHandler                          text30       0105B2
__ptext30                                       text30       0105B2
_EUSART1_RxDataHandler                          text36       0105DC
__end_of_EUSART2_RxDataHandler                  text30       0105DC
__ptext36                                       text36       0105DC
__end_of_EUSART1_RxDataHandler                  text36       010606
__ptext1                                        text1        010606
_printf                                         text1        010606
_SYSTEM_Initialize                              text7        01062E
__end_of_printf                                 text1        01062E
__ptext7                                        text7        01062E
_EUSART1_is_rx_ready                            text23       010644
__end_of_SYSTEM_Initialize                      text7        010644
__ptext23                                       text23       010644
_OSCILLATOR_Initialize                          text9        01065A
__end_of_EUSART1_is_rx_ready                    text23       01065A
__ptext9                                        text9        01065A
_EUSART2_SetTxInterruptHandler                  text12       01066E
__end_of_OSCILLATOR_Initialize                  text9        01066E
__ptext12                                       text12       01066E
_EUSART2_SetRxInterruptHandler                  text13       01067C
__end_of_EUSART2_SetTxInterruptHandler          text12       01067C
__ptext13                                       text13       01067C
_EUSART2_SetOverrunErrorHandler                 text14       01068A
__end_of_EUSART2_SetRxInterruptHandler          text13       01068A
__ptext14                                       text14       01068A
_EUSART2_SetFramingErrorHandler                 text15       010698
__end_of_EUSART2_SetOverrunErrorHandler         text14       010698
__ptext15                                       text15       010698
_EUSART2_SetErrorHandler                        text16       0106A6
__end_of_EUSART2_SetFramingErrorHandler         text15       0106A6
__ptext16                                       text16       0106A6
_EUSART1_SetTxInterruptHandler                  text18       0106B4
__end_of_EUSART2_SetErrorHandler                text16       0106B4
__ptext18                                       text18       0106B4
_EUSART1_SetRxInterruptHandler                  text19       0106C2
__end_of_EUSART1_SetTxInterruptHandler          text18       0106C2
__ptext19                                       text19       0106C2
_EUSART1_SetOverrunErrorHandler                 text20       0106D0
__end_of_EUSART1_SetRxInterruptHandler          text19       0106D0
__ptext20                                       text20       0106D0
_EUSART1_SetFramingErrorHandler                 text21       0106DE
__end_of_EUSART1_SetOverrunErrorHandler         text20       0106DE
__ptext21                                       text21       0106DE
_EUSART1_SetErrorHandler                        text22       0106EC
__end_of_EUSART1_SetFramingErrorHandler         text21       0106EC
__ptext22                                       text22       0106EC
__end_of_EUSART1_SetErrorHandler                text22       0106FA
__ptext5                                        text5        0106FA
_putch                                          text5        0106FA
_EUSART2_DefaultOverrunErrorHandler             text27       010704
__end_of_putch                                  text5        010704
__ptext27                                       text27       010704
_EUSART2_DefaultErrorHandler                    text29       01070C
__end_of_EUSART2_DefaultOverrunErrorHandler     text27       01070C
__ptext29                                       text29       01070C
_EUSART1_DefaultOverrunErrorHandler             text33       010712
__end_of_EUSART2_DefaultErrorHandler            text29       010712
__ptext33                                       text33       010712
_EUSART1_DefaultErrorHandler                    text35       010718
__end_of_EUSART1_DefaultOverrunErrorHandler     text33       010718
__ptext35                                       text35       010718
_INTERRUPT_Initialize                           text10       01071E
__end_of_EUSART1_DefaultErrorHandler            text35       01071E
__ptext10                                       text10       01071E
_EUSART2_DefaultFramingErrorHandler             text28       010722
__end_of_INTERRUPT_Initialize                   text10       010722
__ptext28                                       text28       010722
_EUSART1_DefaultFramingErrorHandler             text34       010724
__end_of_EUSART2_DefaultFramingErrorHandler     text28       010724
__ptext34                                       text34       010724
__Hspace_0                                      (abs)        010726
__S0                                            (abs)        010726
__end_of_EUSART1_DefaultFramingErrorHandler     text34       010726
___extmem_base                                  (abs)        020000
__Hidloc                                        idloc        200008
__Hconfig                                       config       30000E
__Hspace_4                                      (abs)        60000E
isa$xinst                                       (abs)        000000
isa$std                                         (abs)        000001
stackhi                                         (abs)        000000
stacklo                                         (abs)        000000
putch@txData                                    cstackCOMRAM 000026
printf@fmt                                      cstackCOMRAM 00003E
start                                           init         00011C
printf@ap                                       cstackBANK1  0001C0
start_initialization                            cinit        010584
vfpfcnvrt@fp                                    cstackCOMRAM 000030
vfpfcnvrt@fmt                                   cstackCOMRAM 000032
vfpfcnvrt@ap                                    cstackCOMRAM 000034
vfprintf@fp                                     cstackCOMRAM 000036
vfprintf@fmt                                    cstackCOMRAM 000038
vfprintf@ap                                     cstackCOMRAM 00003A
vfprintf@cfmt                                   cstackCOMRAM 00003C
unlockcompareFingerprints@flag                  bssCOMRAM    00004D
ttemp5                                          temp         00005B
wtemp8                                          temp         00005B
ttemp6                                          temp         00005E
ttemp7                                          temp         000062
