Microchip MPLAB XC8 Compiler V2.32

Linker command line:

-W-3 --edf=C:\Program Files\Microchip\xc8\v2.32\pic\dat\en_msgs.txt -cn \
  -h+dist/default/production\SSSSSSMART.production.sym \
  --cmf=dist/default/production\SSSSSSMART.production.cmf -z -Q18F87K22 \
  -oC:\Users\Studenti\AppData\Local\Temp\xcAsags.4 --defsym=__MPLAB_BUILD=1 \
  -Mdist/default/production/SSSSSSMART.production.map -E1 -ver=XC8 Compiler \
  --acfsm=1493 -ASTACK=0240h-0F15h -pstack=STACK -ACODE=00h-01FFFFh \
  -ACONST=00h-01FFFFh -ASMALLCONST=01000h-010FFhx496 \
  -AMEDIUMCONST=01000h-0FFFFh,011000h-01FFFFh -ACOMRAM=01h-05Fh \
  -AABS1=00h-0F15h -ABIGRAM=01h-0F15h \
  -ARAM=060h-0FFh,0100h-01FFhx14,0F00h-0F15h -ABANK0=060h-0FFh \
  -ABANK1=0100h-01FFh -ABANK2=0200h-02FFh -ABANK3=0300h-03FFh \
  -ABANK4=0400h-04FFh -ABANK5=0500h-05FFh -ABANK6=0600h-06FFh \
  -ABANK7=0700h-07FFh -ABANK8=0800h-08FFh -ABANK9=0900h-09FFh \
  -ABANK10=0A00h-0AFFh -ABANK11=0B00h-0BFFh -ABANK12=0C00h-0CFFh \
  -ABANK13=0D00h-0DFFh -ABANK14=0E00h-0EFFh -ABANK15=0F00h-0F15h \
  -ASFR=0F16h-0F5Fh,0F60h-0FFFh -ACONFIG=0300000h-030000Dh \
  -AIDLOC=0200000h-0200007h -AEEDATA=0F00000h-0F003FFh -peeprom_data=EEDATA \
  -preset_vec=00h,intcode=08h,intcodelo,powerup,init -pramtop=01000h \
  -psmallconst=SMALLCONST -pmediumconst=MEDIUMCONST -pconst=CONST \
  -AFARRAM=00h-00h \
  -prdata=COMRAM,nvrram=COMRAM,nvbit=COMRAM,rbss=COMRAM,rbit=COMRAM \
  -pfarbss=FARRAM,fardata=FARRAM,nvFARRAM=FARRAM \
  -pintsave_regs=BIGRAM,bigbss=BIGRAM,bigdata=BIGRAM -pbss=RAM \
  -pidata=CODE,irdata=CODE,ibigdata=CODE,ifardata=CODE -prparam=COMRAM \
  C:\Users\Studenti\AppData\Local\Temp\xcAsags.o \
  dist/default/production\SSSSSSMART.production.o 

Object code version is 3.11

Machine type is 18F87K22



                Name                               Link     Load   Length Selector   Space Scale
C:\Users\Studenti\AppData\Local\Temp\xcAsags.o
                idloc                            200000   200000        8        0       5
                config                           300000   300000        E        0       4
                init                                12C      12C        4        4       0
                reset_vec                             0        0        4        0       0
dist/default/production\SSSSSSMART.production.o
                intcode                               8        8      124        4       0
                idloc                            200000   200000        8        0       5
                config                           300000   300000        E        0       4
                temp                                 5B       5B        1        1       1
                mediumconst                        FE1A     FE1A      1E6     7F0D       0
                text48                            10F16    10F16       2A     8000       0
                text47                            1106E    1106E        6     8831       0
                text46                            1107A    1107A        2     8831       0
                text45                            11068    11068        6     8831       0
                text44                            10728    10728       C6     8000       0
                text43                            10E76    10E76       40     8000       0
                text42                            10EEC    10EEC       2A     8000       0
                text41                            11062    11062        6     8831       0
                text40                            11078    11078        2     8831       0
                text39                            11052    11052        8     8000       0
                text38                            10662    10662       C6     8000       0
                text37                            10DF4    10DF4       42     8000       0
                text35                            1103A    1103A        E     8000       0
                text34                            1102C    1102C        E     8000       0
                text33                            1101E    1101E        E     8000       0
                text32                            11010    11010        E     8000       0
                text31                            11002    11002        E     8000       0
                text30                            10A62    10A62       88     8000       0
                text29                            10FF4    10FF4        E     8000       0
                text28                            10FE6    10FE6        E     8000       0
                text27                            10FD8    10FD8        E     8000       0
                text26                            10FCA    10FCA        E     8000       0
                text25                            10FBC    10FBC        E     8000       0
                text24                            109D8    109D8       8A     8000       0
                text23                            11074    11074        4     8831       0
                text22                            10FA8    10FA8       14     8000       0
                text21                            10DB2    10DB2       42     8000       0
                text20                            10F92    10F92       16     8000       0
                text19                            10D1E    10D1E       50     8000       0
                text18                            10C78    10C78       56     8000       0
                text17                            10F7C    10F7C       16     8000       0
                text16                            10CCE    10CCE       50     8000       0
                text15                            10F66    10F66       16     8000       0
                text14                            10C22    10C22       56     8000       0
                text13                            11048    11048        A     8000       0
                text12                            108B0    108B0       96     8000       0
                text11                            10EB6    10EB6       36     8000       0
                text10                            1029E    1029E      182     8000       0
                text9                             10420    10420      176     8000       0
                text8                             10B62    10B62       66     8000       0
                text7                             10F40    10F40       26     8000       0
                text6                             10946    10946       92     8000       0
                text5                             107EE    107EE       C2     8000       0
                text4                             10AEA    10AEA       78     8000       0
                text3                             10D6E    10D6E       44     8000       0
                text2                             10000    10000      29E     8000       0
                text1                             10596    10596       CC     8000       0
                text0                             10E36    10E36       40     8000       0
                cstackCOMRAM                          1        1       47        1       1
                cstackBANK0                          AC       AC       24       60       1
                bssBANK2                            200      200       40      200       1
                bssBANK1                            100      100       E0      100       1
                dataBANK0                            EE       EE        7       60       1
                bssBANK0                             60       60       4C       60       1
                bssCOMRAM                            48       48       11        1       1
                cinit                             10BC8    10BC8       5A     8000       0
                nvBANK0                              D0       D0       1E       60       1
                nvCOMRAM                             59       59        2        1       1
                idataBANK0                        1105A    1105A        7     8000       0

TOTAL           Name                               Link     Load   Length     Space
        CLASS   STACK          

        CLASS   CODE           
                intcode                               8        8      124         0
                init                                12C      12C        4         0
                reset_vec                             0        0        4         0
                text48                            10F16    10F16       2A         0
                text47                            1106E    1106E        6         0
                text46                            1107A    1107A        2         0
                text45                            11068    11068        6         0
                text44                            10728    10728       C6         0
                text43                            10E76    10E76       40         0
                text42                            10EEC    10EEC       2A         0
                text41                            11062    11062        6         0
                text40                            11078    11078        2         0
                text39                            11052    11052        8         0
                text38                            10662    10662       C6         0
                text37                            10DF4    10DF4       42         0
                text35                            1103A    1103A        E         0
                text34                            1102C    1102C        E         0
                text33                            1101E    1101E        E         0
                text32                            11010    11010        E         0
                text31                            11002    11002        E         0
                text30                            10A62    10A62       88         0
                text29                            10FF4    10FF4        E         0
                text28                            10FE6    10FE6        E         0
                text27                            10FD8    10FD8        E         0
                text26                            10FCA    10FCA        E         0
                text25                            10FBC    10FBC        E         0
                text24                            109D8    109D8       8A         0
                text23                            11074    11074        4         0
                text22                            10FA8    10FA8       14         0
                text21                            10DB2    10DB2       42         0
                text20                            10F92    10F92       16         0
                text19                            10D1E    10D1E       50         0
                text18                            10C78    10C78       56         0
                text17                            10F7C    10F7C       16         0
                text16                            10CCE    10CCE       50         0
                text15                            10F66    10F66       16         0
                text14                            10C22    10C22       56         0
                text13                            11048    11048        A         0
                text12                            108B0    108B0       96         0
                text11                            10EB6    10EB6       36         0
                text10                            1029E    1029E      182         0
                text9                             10420    10420      176         0
                text8                             10B62    10B62       66         0
                text7                             10F40    10F40       26         0
                text6                             10946    10946       92         0
                text5                             107EE    107EE       C2         0
                text4                             10AEA    10AEA       78         0
                text3                             10D6E    10D6E       44         0
                text2                             10000    10000      29E         0
                text1                             10596    10596       CC         0
                text0                             10E36    10E36       40         0
                cinit                             10BC8    10BC8       5A         0
                idataBANK0                        1105A    1105A        7         0

        CLASS   CONST          

        CLASS   SMALLCONST     

        CLASS   MEDIUMCONST    
                mediumconst                        FE1A     FE1A      1E6         0

        CLASS   COMRAM         
                temp                                 5B       5B        1         1
                cstackCOMRAM                          1        1       47         1
                bssCOMRAM                            48       48       11         1
                nvCOMRAM                             59       59        2         1

        CLASS   ABS1           

        CLASS   BIGRAM         

        CLASS   RAM            

        CLASS   BANK0          
                cstackBANK0                          AC       AC       24         1
                dataBANK0                            EE       EE        7         1
                bssBANK0                             60       60       4C         1
                nvBANK0                              D0       D0       1E         1

        CLASS   BANK1          
                bssBANK1                            100      100       E0         1

        CLASS   BANK2          
                bssBANK2                            200      200       40         1

        CLASS   BANK3          

        CLASS   BANK4          

        CLASS   BANK5          

        CLASS   BANK6          

        CLASS   BANK7          

        CLASS   BANK8          

        CLASS   BANK9          

        CLASS   BANK10         

        CLASS   BANK11         

        CLASS   BANK12         

        CLASS   BANK13         

        CLASS   BANK14         

        CLASS   BANK15         

        CLASS   SFR            

        CLASS   CONFIG         
                config                           300000   300000        E         4

        CLASS   IDLOC          
                idloc                            200000   200000        8         5

        CLASS   EEDATA         

        CLASS   FARRAM         



SEGMENTS        Name                           Load    Length   Top    Selector   Space  Class

                reset_vec                      000000  000004  000004         0       0  CODE    
                cstackCOMRAM                   000001  00005B  00005C         1       1  COMRAM  
                intcode                        000008  000128  000130         4       0  CODE    
                bssBANK0                       000060  000095  0000F5        60       1  BANK0   
                bssBANK1                       000100  0000E0  0001E0       100       1  BANK1   
                bssBANK2                       000200  000040  000240       200       1  BANK2   
                mediumconst                    00FE1A  0001E6  010000      7F0D       0  MEDIUMCO
                text2                          010000  001061  011061      8000       0  CODE    
                text41                         011062  00001A  01107C      8831       0  CODE    


UNUSED ADDRESS RANGES

        Name                Unused          Largest block    Delta
        BANK0            0000F5-0000FF                B
        BANK1            0001E0-0001FF               20
        BANK10           000A00-000AFF              100
        BANK11           000B00-000BFF              100
        BANK12           000C00-000CFF              100
        BANK13           000D00-000DFF              100
        BANK14           000E00-000EFF              100
        BANK15           000F00-000F15               16
        BANK2            000240-0002FF               C0
        BANK3            000300-0003FF              100
        BANK4            000400-0004FF              100
        BANK5            000500-0005FF              100
        BANK6            000600-0006FF              100
        BANK7            000700-0007FF              100
        BANK8            000800-0008FF              100
        BANK9            000900-0009FF              100
        BIGRAM           00005C-00005F                4
                         0000F5-0000FF                B
                         0001E0-0001FF               20
                         000240-000F15              CD6
        CODE             000004-000007                4
                         000130-00FE19             FCEA
                         011061-011061                1
                         01107C-01FFFF             EF84
        COMRAM           00005C-00005F                4
        CONST            000004-000007                4
                         000130-00FE19             FCEA
                         011061-011061                1
                         01107C-01FFFF             EF84
        EEDATA           F00000-F003FF              400
        MEDIUMCONST      001000-00FE19             EE1A
                         011061-011061                1
                         01107C-01FFFF             EF84
        RAM              0000F5-0000FF                B
                         0001E0-0001FF               20
                         000240-000F15              100
        SFR              000F16-000FFF               4A
        SMALLCONST       001000-00FE19              100
                         011061-011061                1
                         01107C-01FFFF              100
        STACK            000240-000F15              CD6

                                  Symbol Table

?_printf                                        cstackCOMRAM 000038
?_stoa                                          cstackCOMRAM 000010
?_strcmp                                        cstackCOMRAM 000005
?_strlen                                        cstackCOMRAM 000005
?_vfpfcnvrt                                     cstackCOMRAM 000026
?_vfprintf                                      cstackCOMRAM 000030
EUSART1_Read@readValue                          cstackCOMRAM 000005
EUSART1_SetErrorHandler@interruptHandler        cstackCOMRAM 000005
EUSART1_SetFramingErrorHandler@interruptHandler cstackCOMRAM 000005
EUSART1_SetOverrunErrorHandler@interruptHandler cstackCOMRAM 000005
EUSART1_SetRxInterruptHandler@interruptHandler  cstackCOMRAM 000005
EUSART1_SetTxInterruptHandler@interruptHandler  cstackCOMRAM 000005
EUSART1_Write@txData                            cstackCOMRAM 000005
EUSART2_Read@readValue                          cstackCOMRAM 000005
EUSART2_SetErrorHandler@interruptHandler        cstackCOMRAM 000005
EUSART2_SetFramingErrorHandler@interruptHandler cstackCOMRAM 000005
EUSART2_SetOverrunErrorHandler@interruptHandler cstackCOMRAM 000005
EUSART2_SetRxInterruptHandler@interruptHandler  cstackCOMRAM 000005
EUSART2_SetTxInterruptHandler@interruptHandler  cstackCOMRAM 000005
EUSART2_Write@txData                            cstackCOMRAM 000005
_ANCON0                                         (abs)        000F25
_ANCON1                                         (abs)        000F24
_ANCON2                                         (abs)        000F23
_BAUDCON1                                       (abs)        000F65
_BAUDCON2                                       (abs)        000F20
_EUSART1_DefaultErrorHandler                    text47       01106E
_EUSART1_DefaultFramingErrorHandler             text46       01107A
_EUSART1_DefaultOverrunErrorHandler             text45       011068
_EUSART1_ErrorHandler                           nvBANK0      0000D0
_EUSART1_FramingErrorHandler                    nvBANK0      0000D6
_EUSART1_Initialize                             text30       010A62
_EUSART1_OverrunErrorHandler                    nvBANK0      0000D3
_EUSART1_Read                                   text16       010CCE
_EUSART1_Receive_ISR                            text44       010728
_EUSART1_RxDataHandler                          text48       010F16
_EUSART1_RxDefaultInterruptHandler              nvBANK0      0000D9
_EUSART1_SetErrorHandler                        text35       01103A
_EUSART1_SetFramingErrorHandler                 text34       01102C
_EUSART1_SetOverrunErrorHandler                 text33       01101E
_EUSART1_SetRxInterruptHandler                  text32       011010
_EUSART1_SetTxInterruptHandler                  text31       011002
_EUSART1_Transmit_ISR                           text43       010E76
_EUSART1_TxDefaultInterruptHandler              nvBANK0      0000DC
_EUSART1_Write                                  text14       010C22
_EUSART1_is_rx_ready                            text15       010F66
_EUSART2_DefaultErrorHandler                    text41       011062
_EUSART2_DefaultFramingErrorHandler             text40       011078
_EUSART2_DefaultOverrunErrorHandler             text39       011052
_EUSART2_ErrorHandler                           nvBANK0      0000DF
_EUSART2_FramingErrorHandler                    nvBANK0      0000E5
_EUSART2_Initialize                             text24       0109D8
_EUSART2_OverrunErrorHandler                    nvBANK0      0000E2
_EUSART2_Read                                   text19       010D1E
_EUSART2_Receive_ISR                            text38       010662
_EUSART2_RxDataHandler                          text42       010EEC
_EUSART2_RxDefaultInterruptHandler              nvBANK0      0000E8
_EUSART2_SetErrorHandler                        text29       010FF4
_EUSART2_SetFramingErrorHandler                 text28       010FE6
_EUSART2_SetOverrunErrorHandler                 text27       010FD8
_EUSART2_SetRxInterruptHandler                  text26       010FCA
_EUSART2_SetTxInterruptHandler                  text25       010FBC
_EUSART2_Transmit_ISR                           text37       010DF4
_EUSART2_TxDefaultInterruptHandler              nvBANK0      0000EB
_EUSART2_Write                                  text18       010C78
_EUSART2_is_rx_ready                            text17       010F7C
_INTCONbits                                     (abs)        000FF2
_INTERRUPT_Initialize                           text23       011074
_INTERRUPT_InterruptManager                     intcode      000008
_LATA                                           (abs)        000F89
_LATB                                           (abs)        000F8A
_LATC                                           (abs)        000F8B
_LATD                                           (abs)        000F8C
_LATE                                           (abs)        000F8D
_LATF                                           (abs)        000F8E
_LATG                                           (abs)        000F8F
_LATH                                           (abs)        000F90
_OSCCON                                         (abs)        000FD3
_OSCCON2                                        (abs)        000F64
_OSCILLATOR_Initialize                          text22       010FA8
_OSCTUNE                                        (abs)        000F9B
_PIE1bits                                       (abs)        000F9D
_PIE3bits                                       (abs)        000FA3
_PIN_MANAGER_Initialize                         text21       010DB2
_PIR1bits                                       (abs)        000F9E
_PIR3bits                                       (abs)        000FA4
_RCONbits                                       (abs)        000FD0
_RCREG1                                         (abs)        000FAE
_RCREG2                                         (abs)        000F1D
_RCSTA1                                         (abs)        000FAB
_RCSTA1bits                                     (abs)        000FAB
_RCSTA2                                         (abs)        000F22
_RCSTA2bits                                     (abs)        000F22
_REFOCON                                        (abs)        000F2A
_SPBRG1                                         (abs)        000FAF
_SPBRG2                                         (abs)        000F1E
_SPBRGH1                                        (abs)        000FD4
_SPBRGH2                                        (abs)        000F1F
_SYSTEM_Initialize                              text20       010F92
_TRISA                                          (abs)        000F92
_TRISB                                          (abs)        000F93
_TRISC                                          (abs)        000F94
_TRISD                                          (abs)        000F95
_TRISE                                          (abs)        000F96
_TRISF                                          (abs)        000F97
_TRISG                                          (abs)        000F98
_TRISH                                          (abs)        000F99
_TXREG1                                         (abs)        000FAD
_TXREG2                                         (abs)        000F1C
_TXSTA1                                         (abs)        000FAC
_TXSTA1bits                                     (abs)        000FAC
_TXSTA2                                         (abs)        000F21
_TXSTA2bits                                     (abs)        000F21
__HRAM                                          (abs)        000000
__Habs1                                         abs1         000000
__Hbank0                                        bank0        000000
__Hbank1                                        bank1        000000
__Hbank10                                       bank10       000000
__Hbank11                                       bank11       000000
__Hbank12                                       bank12       000000
__Hbank13                                       bank13       000000
__Hbank14                                       bank14       000000
__Hbank15                                       bank15       000000
__Hbank2                                        bank2        000000
__Hbank3                                        bank3        000000
__Hbank4                                        bank4        000000
__Hbank5                                        bank5        000000
__Hbank6                                        bank6        000000
__Hbank7                                        bank7        000000
__Hbank8                                        bank8        000000
__Hbank9                                        bank9        000000
__Hbigbss                                       bigbss       000000
__Hbigdata                                      bigdata      000000
__Hbigram                                       bigram       000000
__Hbss                                          bss          000000
__HbssBANK0                                     bssBANK0     000000
__HbssBANK1                                     bssBANK1     000000
__HbssBANK2                                     bssBANK2     000000
__HbssCOMRAM                                    bssCOMRAM    000000
__Hcinit                                        cinit        000000
__Hclrtext                                      clrtext      000000
__Hcomram                                       comram       000000
__Hconfig                                       config       30000E
__Hconst                                        const        000000
__HcstackBANK0                                  cstackBANK0  000000
__HcstackCOMRAM                                 cstackCOMRAM 000000
__Hdata                                         data         000000
__HdataBANK0                                    dataBANK0    000000
__Heeprom_data                                  eeprom_data  000000
__Hfarbss                                       farbss       000000
__Hfardata                                      fardata      000000
__Hibigdata                                     ibigdata     000000
__Hidata                                        idata        000000
__HidataBANK0                                   idataBANK0   000000
__Hidloc                                        idloc        200008
__Hifardata                                     ifardata     000000
__Hinit                                         init         000130
__Hintcode                                      intcode      00012C
__Hintcode_body                                 intcode_body 000000
__Hintcodelo                                    intcodelo    00012C
__Hintentry                                     intentry     000000
__Hintret                                       intret       000000
__Hintsave_regs                                 intsave_regs 000000
__Hirdata                                       irdata       000000
__Hmediumconst                                  mediumconst  010000
__HnvBANK0                                      nvBANK0      000000
__HnvCOMRAM                                     nvCOMRAM     000000
__HnvFARRAM                                     nvFARRAM     000000
__Hnvbit                                        nvbit        000000
__Hnvrram                                       nvrram       000000
__Hparam                                        rparam       000000
__Hpowerup                                      powerup      00012C
__Hram                                          ram          000000
__Hramtop                                       ramtop       001000
__Hrbit                                         rbit         000000
__Hrbss                                         rbss         000000
__Hrdata                                        rdata        000000
__Hreset_vec                                    reset_vec    000004
__Hrparam                                       rparam       000000
__Hsfr                                          sfr          000000
__Hsmallconst                                   smallconst   000000
__Hspace_0                                      (abs)        01107C
__Hspace_1                                      (abs)        000240
__Hspace_2                                      (abs)        000000
__Hspace_4                                      (abs)        60000E
__Hstack                                        stack        000000
__Hstruct                                       struct       000000
__Htemp                                         temp         00005C
__Htext                                         text         000000
__Htext0                                        text0        000000
__Htext1                                        text1        000000
__Htext10                                       text10       000000
__Htext11                                       text11       000000
__Htext12                                       text12       000000
__Htext13                                       text13       000000
__Htext14                                       text14       000000
__Htext15                                       text15       000000
__Htext16                                       text16       000000
__Htext17                                       text17       000000
__Htext18                                       text18       000000
__Htext19                                       text19       000000
__Htext2                                        text2        000000
__Htext20                                       text20       000000
__Htext21                                       text21       000000
__Htext22                                       text22       000000
__Htext23                                       text23       000000
__Htext24                                       text24       000000
__Htext25                                       text25       000000
__Htext26                                       text26       000000
__Htext27                                       text27       000000
__Htext28                                       text28       000000
__Htext29                                       text29       000000
__Htext3                                        text3        000000
__Htext30                                       text30       000000
__Htext31                                       text31       000000
__Htext32                                       text32       000000
__Htext33                                       text33       000000
__Htext34                                       text34       000000
__Htext35                                       text35       000000
__Htext37                                       text37       000000
__Htext38                                       text38       000000
__Htext39                                       text39       000000
__Htext4                                        text4        000000
__Htext40                                       text40       000000
__Htext41                                       text41       000000
__Htext42                                       text42       000000
__Htext43                                       text43       000000
__Htext44                                       text44       000000
__Htext45                                       text45       000000
__Htext46                                       text46       000000
__Htext47                                       text47       000000
__Htext48                                       text48       000000
__Htext49                                       text49       000000
__Htext5                                        text5        000000
__Htext6                                        text6        000000
__Htext7                                        text7        000000
__Htext8                                        text8        000000
__Htext9                                        text9        000000
__LRAM                                          (abs)        000001
__Labs1                                         abs1         000000
__Lbank0                                        bank0        000000
__Lbank1                                        bank1        000000
__Lbank10                                       bank10       000000
__Lbank11                                       bank11       000000
__Lbank12                                       bank12       000000
__Lbank13                                       bank13       000000
__Lbank14                                       bank14       000000
__Lbank15                                       bank15       000000
__Lbank2                                        bank2        000000
__Lbank3                                        bank3        000000
__Lbank4                                        bank4        000000
__Lbank5                                        bank5        000000
__Lbank6                                        bank6        000000
__Lbank7                                        bank7        000000
__Lbank8                                        bank8        000000
__Lbank9                                        bank9        000000
__Lbigbss                                       bigbss       000000
__Lbigdata                                      bigdata      000000
__Lbigram                                       bigram       000000
__Lbss                                          bss          000000
__LbssBANK0                                     bssBANK0     000000
__LbssBANK1                                     bssBANK1     000000
__LbssBANK2                                     bssBANK2     000000
__LbssCOMRAM                                    bssCOMRAM    000000
__Lcinit                                        cinit        000000
__Lclrtext                                      clrtext      000000
__Lcomram                                       comram       000000
__Lconfig                                       config       000000
__Lconst                                        const        000000
__LcstackBANK0                                  cstackBANK0  000000
__LcstackCOMRAM                                 cstackCOMRAM 000000
__Ldata                                         data         000000
__LdataBANK0                                    dataBANK0    000000
__Leeprom_data                                  eeprom_data  000000
__Lfarbss                                       farbss       000000
__Lfardata                                      fardata      000000
__Libigdata                                     ibigdata     000000
__Lidata                                        idata        000000
__LidataBANK0                                   idataBANK0   000000
__Lidloc                                        idloc        000000
__Lifardata                                     ifardata     000000
__Linit                                         init         00012C
__Lintcode                                      intcode      000008
__Lintcode_body                                 intcode_body 000000
__Lintcodelo                                    intcodelo    00012C
__Lintentry                                     intentry     000000
__Lintret                                       intret       000000
__Lintsave_regs                                 intsave_regs 000000
__Lirdata                                       irdata       000000
__Lmediumconst                                  mediumconst  00FE1A
__LnvBANK0                                      nvBANK0      000000
__LnvCOMRAM                                     nvCOMRAM     000000
__LnvFARRAM                                     nvFARRAM     000000
__Lnvbit                                        nvbit        000000
__Lnvrram                                       nvrram       000000
__Lparam                                        rparam       000000
__Lpowerup                                      powerup      00012C
__Lram                                          ram          000000
__Lramtop                                       ramtop       001000
__Lrbit                                         rbit         000000
__Lrbss                                         rbss         000000
__Lrdata                                        rdata        000000
__Lreset_vec                                    reset_vec    000000
__Lrparam                                       rparam       000000
__Lsfr                                          sfr          000000
__Lsmallconst                                   smallconst   000000
__Lspace_0                                      (abs)        000000
__Lspace_1                                      (abs)        000000
__Lspace_2                                      (abs)        000000
__Lspace_4                                      (abs)        000000
__Lstack                                        stack        000000
__Lstruct                                       struct       000000
__Ltemp                                         temp         00005B
__Ltext                                         text         000000
__Ltext0                                        text0        000000
__Ltext1                                        text1        000000
__Ltext10                                       text10       000000
__Ltext11                                       text11       000000
__Ltext12                                       text12       000000
__Ltext13                                       text13       000000
__Ltext14                                       text14       000000
__Ltext15                                       text15       000000
__Ltext16                                       text16       000000
__Ltext17                                       text17       000000
__Ltext18                                       text18       000000
__Ltext19                                       text19       000000
__Ltext2                                        text2        000000
__Ltext20                                       text20       000000
__Ltext21                                       text21       000000
__Ltext22                                       text22       000000
__Ltext23                                       text23       000000
__Ltext24                                       text24       000000
__Ltext25                                       text25       000000
__Ltext26                                       text26       000000
__Ltext27                                       text27       000000
__Ltext28                                       text28       000000
__Ltext29                                       text29       000000
__Ltext3                                        text3        000000
__Ltext30                                       text30       000000
__Ltext31                                       text31       000000
__Ltext32                                       text32       000000
__Ltext33                                       text33       000000
__Ltext34                                       text34       000000
__Ltext35                                       text35       000000
__Ltext37                                       text37       000000
__Ltext38                                       text38       000000
__Ltext39                                       text39       000000
__Ltext4                                        text4        000000
__Ltext40                                       text40       000000
__Ltext41                                       text41       000000
__Ltext42                                       text42       000000
__Ltext43                                       text43       000000
__Ltext44                                       text44       000000
__Ltext45                                       text45       000000
__Ltext46                                       text46       000000
__Ltext47                                       text47       000000
__Ltext48                                       text48       000000
__Ltext49                                       text49       000000
__Ltext5                                        text5        000000
__Ltext6                                        text6        000000
__Ltext7                                        text7        000000
__Ltext8                                        text8        000000
__Ltext9                                        text9        000000
__S0                                            (abs)        01107C
__S1                                            (abs)        000240
__S2                                            (abs)        000000
__S4                                            (abs)        000000
__S5                                            (abs)        000000
___extmem_base                                  (abs)        020000
___inthi_sp                                     stack        000000
___intlo_sp                                     stack        000000
___param_bank                                   (abs)        000000
___rparam_used                                  (abs)        000001
___sp                                           stack        000000
__accesstop                                     (abs)        000060
__activetblptr                                  (abs)        000003
__end_of_EUSART1_DefaultErrorHandler            text47       011074
__end_of_EUSART1_DefaultFramingErrorHandler     text46       01107C
__end_of_EUSART1_DefaultOverrunErrorHandler     text45       01106E
__end_of_EUSART1_Initialize                     text30       010AEA
__end_of_EUSART1_Read                           text16       010D1E
__end_of_EUSART1_Receive_ISR                    text44       0107EE
__end_of_EUSART1_RxDataHandler                  text48       010F40
__end_of_EUSART1_SetErrorHandler                text35       011048
__end_of_EUSART1_SetFramingErrorHandler         text34       01103A
__end_of_EUSART1_SetOverrunErrorHandler         text33       01102C
__end_of_EUSART1_SetRxInterruptHandler          text32       01101E
__end_of_EUSART1_SetTxInterruptHandler          text31       011010
__end_of_EUSART1_Transmit_ISR                   text43       010EB6
__end_of_EUSART1_Write                          text14       010C78
__end_of_EUSART1_is_rx_ready                    text15       010F7C
__end_of_EUSART2_DefaultErrorHandler            text41       011068
__end_of_EUSART2_DefaultFramingErrorHandler     text40       01107A
__end_of_EUSART2_DefaultOverrunErrorHandler     text39       01105A
__end_of_EUSART2_Initialize                     text24       010A62
__end_of_EUSART2_Read                           text19       010D6E
__end_of_EUSART2_Receive_ISR                    text38       010728
__end_of_EUSART2_RxDataHandler                  text42       010F16
__end_of_EUSART2_SetErrorHandler                text29       011002
__end_of_EUSART2_SetFramingErrorHandler         text28       010FF4
__end_of_EUSART2_SetOverrunErrorHandler         text27       010FE6
__end_of_EUSART2_SetRxInterruptHandler          text26       010FD8
__end_of_EUSART2_SetTxInterruptHandler          text25       010FCA
__end_of_EUSART2_Transmit_ISR                   text37       010E36
__end_of_EUSART2_Write                          text18       010CCE
__end_of_EUSART2_is_rx_ready                    text17       010F92
__end_of_INTERRUPT_Initialize                   text23       011078
__end_of_INTERRUPT_InterruptManager             intcode      00012C
__end_of_OSCILLATOR_Initialize                  text22       010FBC
__end_of_PIN_MANAGER_Initialize                 text21       010DF4
__end_of_SYSTEM_Initialize                      text20       010FA8
__end_of__initialization                        cinit        010C18
__end_of_fingerpritnsOptions                    text6        0109D8
__end_of_fputc                                  text12       010946
__end_of_main                                   text0        010E76
__end_of_menu                                   text5        0108B0
__end_of_obrada_zahteva                         text1        010662
__end_of_printf                                 text7        010F66
__end_of_putch                                  text13       011052
__end_of_stoa                                   text10       010420
__end_of_strcmp                                 text4        010B62
__end_of_strcpy                                 text3        010DB2
__end_of_strlen                                 text11       010EEC
__end_of_unlockcompareFingerprints              text2        01029E
__end_of_vfpfcnvrt                              text9        010596
__end_of_vfprintf                               text8        010BC8
__initialization                                cinit        010BC8
__mediumconst                                   mediumconst  00FE1A
__pbssBANK0                                     bssBANK0     000060
__pbssBANK1                                     bssBANK1     000100
__pbssBANK2                                     bssBANK2     000200
__pbssCOMRAM                                    bssCOMRAM    000048
__pcinit                                        cinit        010BC8
__pcstackBANK0                                  cstackBANK0  0000AC
__pcstackCOMRAM                                 cstackCOMRAM 000001
__pdataBANK0                                    dataBANK0    0000EE
__pidataBANK0                                   idataBANK0   01105A
__pintcode                                      intcode      000008
__pmediumconst                                  mediumconst  00FE1A
__pnvBANK0                                      nvBANK0      0000D0
__pnvCOMRAM                                     nvCOMRAM     000059
__ptext0                                        text0        010E36
__ptext1                                        text1        010596
__ptext10                                       text10       01029E
__ptext11                                       text11       010EB6
__ptext12                                       text12       0108B0
__ptext13                                       text13       011048
__ptext14                                       text14       010C22
__ptext15                                       text15       010F66
__ptext16                                       text16       010CCE
__ptext17                                       text17       010F7C
__ptext18                                       text18       010C78
__ptext19                                       text19       010D1E
__ptext2                                        text2        010000
__ptext20                                       text20       010F92
__ptext21                                       text21       010DB2
__ptext22                                       text22       010FA8
__ptext23                                       text23       011074
__ptext24                                       text24       0109D8
__ptext25                                       text25       010FBC
__ptext26                                       text26       010FCA
__ptext27                                       text27       010FD8
__ptext28                                       text28       010FE6
__ptext29                                       text29       010FF4
__ptext3                                        text3        010D6E
__ptext30                                       text30       010A62
__ptext31                                       text31       011002
__ptext32                                       text32       011010
__ptext33                                       text33       01101E
__ptext34                                       text34       01102C
__ptext35                                       text35       01103A
__ptext37                                       text37       010DF4
__ptext38                                       text38       010662
__ptext39                                       text39       011052
__ptext4                                        text4        010AEA
__ptext40                                       text40       011078
__ptext41                                       text41       011062
__ptext42                                       text42       010EEC
__ptext43                                       text43       010E76
__ptext44                                       text44       010728
__ptext45                                       text45       011068
__ptext46                                       text46       01107A
__ptext47                                       text47       01106E
__ptext48                                       text48       010F16
__ptext49                                       text49       000000
__ptext5                                        text5        0107EE
__ptext6                                        text6        010946
__ptext7                                        text7        010F40
__ptext8                                        text8        010B62
__ptext9                                        text9        010420
__ramtop                                        ramtop       001000
__size_of_EUSART1_DefaultErrorHandler           (abs)        000000
__size_of_EUSART1_DefaultFramingErrorHandler    (abs)        000000
__size_of_EUSART1_DefaultOverrunErrorHandler    (abs)        000000
__size_of_EUSART1_Initialize                    (abs)        000000
__size_of_EUSART1_Read                          (abs)        000000
__size_of_EUSART1_Receive_ISR                   (abs)        000000
__size_of_EUSART1_RxDataHandler                 (abs)        000000
__size_of_EUSART1_SetErrorHandler               (abs)        000000
__size_of_EUSART1_SetFramingErrorHandler        (abs)        000000
__size_of_EUSART1_SetOverrunErrorHandler        (abs)        000000
__size_of_EUSART1_SetRxInterruptHandler         (abs)        000000
__size_of_EUSART1_SetTxInterruptHandler         (abs)        000000
__size_of_EUSART1_Transmit_ISR                  (abs)        000000
__size_of_EUSART1_Write                         (abs)        000000
__size_of_EUSART1_is_rx_ready                   (abs)        000000
__size_of_EUSART2_DefaultErrorHandler           (abs)        000000
__size_of_EUSART2_DefaultFramingErrorHandler    (abs)        000000
__size_of_EUSART2_DefaultOverrunErrorHandler    (abs)        000000
__size_of_EUSART2_Initialize                    (abs)        000000
__size_of_EUSART2_Read                          (abs)        000000
__size_of_EUSART2_Receive_ISR                   (abs)        000000
__size_of_EUSART2_RxDataHandler                 (abs)        000000
__size_of_EUSART2_SetErrorHandler               (abs)        000000
__size_of_EUSART2_SetFramingErrorHandler        (abs)        000000
__size_of_EUSART2_SetOverrunErrorHandler        (abs)        000000
__size_of_EUSART2_SetRxInterruptHandler         (abs)        000000
__size_of_EUSART2_SetTxInterruptHandler         (abs)        000000
__size_of_EUSART2_Transmit_ISR                  (abs)        000000
__size_of_EUSART2_Write                         (abs)        000000
__size_of_EUSART2_is_rx_ready                   (abs)        000000
__size_of_INTERRUPT_Initialize                  (abs)        000000
__size_of_INTERRUPT_InterruptManager            (abs)        000000
__size_of_OSCILLATOR_Initialize                 (abs)        000000
__size_of_PIN_MANAGER_Initialize                (abs)        000000
__size_of_SYSTEM_Initialize                     (abs)        000000
__size_of_fingerpritnsOptions                   (abs)        000000
__size_of_fputc                                 (abs)        000000
__size_of_main                                  (abs)        000000
__size_of_menu                                  (abs)        000000
__size_of_obrada_zahteva                        (abs)        000000
__size_of_printf                                (abs)        000000
__size_of_putch                                 (abs)        000000
__size_of_stoa                                  (abs)        000000
__size_of_strcmp                                (abs)        000000
__size_of_strcpy                                (abs)        000000
__size_of_strlen                                (abs)        000000
__size_of_unlockcompareFingerprints             (abs)        000000
__size_of_vfpfcnvrt                             (abs)        000000
__size_of_vfprintf                              (abs)        000000
__smallconst                                    smallconst   000000
_eusart1RxBuffer                                bssBANK2     000200
_eusart1RxCount                                 bssCOMRAM    00004E
_eusart1RxHead                                  bssCOMRAM    000050
_eusart1RxLastError                             bssCOMRAM    00004D
_eusart1RxStatusBuffer                          bssBANK1     000100
_eusart1RxTail                                  bssCOMRAM    00004F
_eusart1TxBuffer                                bssBANK1     000140
_eusart1TxBufferRemaining                       nvCOMRAM     000059
_eusart1TxHead                                  bssCOMRAM    000052
_eusart1TxTail                                  bssCOMRAM    000051
_eusart2RxBuffer                                bssBANK1     000180
_eusart2RxCount                                 bssCOMRAM    000054
_eusart2RxHead                                  bssCOMRAM    000056
_eusart2RxLastError                             bssCOMRAM    000053
_eusart2RxStatusBuffer                          bssBANK0     000060
_eusart2RxTail                                  bssCOMRAM    000055
_eusart2TxBuffer                                bssBANK0     0000A0
_eusart2TxBufferRemaining                       nvCOMRAM     00005A
_eusart2TxHead                                  bssCOMRAM    000058
_eusart2TxTail                                  bssCOMRAM    000057
_fingerpritnsOptions                            text6        010946
_flags                                          bssCOMRAM    00004A
_fputc                                          text12       0108B0
_main                                           text0        010E36
_menu                                           text5        0107EE
_nout                                           bssBANK0     0000A8
_obrada_zahteva                                 text1        010596
_prec                                           bssCOMRAM    000048
_printf                                         text7        010F40
_putch                                          text13       011048
_stoa                                           text10       01029E
_strcmp                                         text4        010AEA
_strcpy                                         text3        010D6E
_strlen                                         text11       010EB6
_unlockcompareFingerprints                      text2        010000
_vfpfcnvrt                                      text9        010420
_vfprintf                                       text8        010B62
_width                                          bssBANK0     0000AA
btemp                                           temp         00005B
end_of_initialization                           cinit        010C18
fingerpritnsOptions@t                           cstackCOMRAM 000040
fputc@c                                         cstackCOMRAM 000007
fputc@fp                                        cstackCOMRAM 000009
int$flags                                       temp         00005B
intlevel0                                       text         000000
intlevel1                                       text         000000
intlevel2                                       text         000000
intlevel3                                       text         000000
isa$std                                         (abs)        000001
isa$xinst                                       (abs)        000000
menu@c                                          cstackCOMRAM 000043
obrada_zahteva@c                                cstackBANK0  0000CC
obrada_zahteva@i                                cstackBANK0  0000CF
obrada_zahteva@tmp                              cstackBANK0  0000CE
printf@ap                                       cstackCOMRAM 00003C
printf@fmt                                      cstackCOMRAM 000038
putch@txData                                    cstackCOMRAM 000006
stackhi                                         (abs)        000F15
stacklo                                         (abs)        000240
start                                           init         00012C
start_initialization                            cinit        010BC8
stoa@F1133                                      dataBANK0    0000EE
stoa@cp                                         cstackCOMRAM 000020
stoa@fp                                         cstackCOMRAM 000010
stoa@i                                          cstackCOMRAM 00001C
stoa@l                                          cstackCOMRAM 000024
stoa@nuls                                       cstackCOMRAM 000015
stoa@p                                          cstackCOMRAM 000022
stoa@s                                          cstackCOMRAM 000012
stoa@w                                          cstackCOMRAM 00001E
strcmp@l                                        cstackCOMRAM 000005
strcmp@r                                        cstackCOMRAM 000007
strcpy@d                                        cstackCOMRAM 00000B
strcpy@dest                                     cstackCOMRAM 000005
strcpy@s                                        cstackCOMRAM 000009
strcpy@src                                      cstackCOMRAM 000007
strlen@a                                        cstackCOMRAM 000007
strlen@s                                        cstackCOMRAM 000005
ttemp5                                          temp         00005C
ttemp6                                          temp         00005F
ttemp7                                          temp         000063
unlockcompareFingerprints@counter               cstackBANK0  0000CA
unlockcompareFingerprints@i                     cstackBANK0  0000CB
unlockcompareFingerprints@s2                    cstackBANK0  0000AC
vfpfcnvrt@ap                                    cstackCOMRAM 00002A
vfpfcnvrt@cp                                    cstackCOMRAM 00002E
vfpfcnvrt@fmt                                   cstackCOMRAM 000028
vfpfcnvrt@fp                                    cstackCOMRAM 000026
vfprintf@ap                                     cstackCOMRAM 000034
vfprintf@cfmt                                   cstackCOMRAM 000036
vfprintf@fmt                                    cstackCOMRAM 000032
vfprintf@fp                                     cstackCOMRAM 000030
wtemp8                                          temp         00005C


MODULE INFORMATION

Module		Function		Class		Link	Load	Size
mcc_generated_files/eusart2.c
		_EUSART2_Read  		CODE           	10D1E	0000	80
		_EUSART2_SetOverrunErrorHandler		CODE           	10FD8	0000	14
		_EUSART2_SetErrorHandler		CODE           	10FF4	0000	14
		_EUSART2_Write 		CODE           	10C78	0000	86
		_EUSART2_Receive_ISR		CODE           	10662	0000	198
		_EUSART2_RxDataHandler		CODE           	10EEC	0000	42
		_EUSART2_DefaultOverrunErrorHandler		CODE           	11052	0000	8
		_EUSART2_Transmit_ISR		CODE           	10DF4	0000	66
		_EUSART2_DefaultFramingErrorHandler		CODE           	11078	0000	2
		_EUSART2_SetRxInterruptHandler		CODE           	10FCA	0000	14
		_EUSART2_SetTxInterruptHandler		CODE           	10FBC	0000	14
		_EUSART2_is_rx_ready		CODE           	10F7C	0000	22
		_EUSART2_Initialize		CODE           	109D8	0000	138
		_EUSART2_DefaultErrorHandler		CODE           	11062	0000	6
		_EUSART2_SetFramingErrorHandler		CODE           	10FE6	0000	14

mcc_generated_files/eusart2.c estimated size: 718

C:\Program Files\Microchip\xc8\v2.32\pic\sources\c99\common\doprnt.c
		_vfpfcnvrt     		CODE           	10420	0000	374
		_vfprintf      		CODE           	10B62	0000	102
		_stoa          		CODE           	1029E	0000	386

C:\Program Files\Microchip\xc8\v2.32\pic\sources\c99\common\doprnt.c estimated size: 862

mcc_generated_files/interrupt_manager.c
		_INTERRUPT_Initialize		CODE           	11074	0000	4
		_INTERRUPT_InterruptManager		CODE           	0008	0000	292

mcc_generated_files/interrupt_manager.c estimated size: 296

mcc_generated_files/pin_manager.c
		_PIN_MANAGER_Initialize		CODE           	10DB2	0000	66

mcc_generated_files/pin_manager.c estimated size: 66

shared
		__initialization		CODE           	10BC8	0000	80

shared estimated size: 80

mcc_generated_files/eusart1.c
		_EUSART1_SetRxInterruptHandler		CODE           	11010	0000	14
		_EUSART1_SetTxInterruptHandler		CODE           	11002	0000	14
		_EUSART1_is_rx_ready		CODE           	10F66	0000	22
		_EUSART1_Initialize		CODE           	10A62	0000	136
		_putch         		CODE           	11048	0000	10
		_EUSART1_DefaultErrorHandler		CODE           	1106E	0000	6
		_EUSART1_SetFramingErrorHandler		CODE           	1102C	0000	14
		_EUSART1_Read  		CODE           	10CCE	0000	80
		_EUSART1_SetOverrunErrorHandler		CODE           	1101E	0000	14
		_EUSART1_SetErrorHandler		CODE           	1103A	0000	14
		_EUSART1_Write 		CODE           	10C22	0000	86
		_EUSART1_Receive_ISR		CODE           	10728	0000	198
		_EUSART1_RxDataHandler		CODE           	10F16	0000	42
		_EUSART1_DefaultOverrunErrorHandler		CODE           	11068	0000	6
		_EUSART1_Transmit_ISR		CODE           	10E76	0000	64
		_EUSART1_DefaultFramingErrorHandler		CODE           	1107A	0000	2

mcc_generated_files/eusart1.c estimated size: 722

mcc_generated_files/mcc.c
		_OSCILLATOR_Initialize		CODE           	10FA8	0000	20
		_SYSTEM_Initialize		CODE           	10F92	0000	22

mcc_generated_files/mcc.c estimated size: 42

C:\Program Files\Microchip\xc8\v2.32\pic\sources\c99\common\printf.c
		_printf        		CODE           	10F40	0000	38

C:\Program Files\Microchip\xc8\v2.32\pic\sources\c99\common\printf.c estimated size: 38

C:\Program Files\Microchip\xc8\v2.32\pic\sources\c99\common\nf_fputc.c
		_fputc         		CODE           	108B0	0000	150

C:\Program Files\Microchip\xc8\v2.32\pic\sources\c99\common\nf_fputc.c estimated size: 150

main.c
		_unlockcompareFingerprints		CODE           	10000	0000	670
		_menu          		CODE           	107EE	0000	194
		_main          		CODE           	10E36	0000	64
		_fingerpritnsOptions		CODE           	10946	0000	146
		_obrada_zahteva		CODE           	10596	0000	204

main.c estimated size: 1278

C:\Program Files\Microchip\xc8\v2.32\pic\sources\c99\common\strlen.c
		_strlen        		CODE           	10EB6	0000	54

C:\Program Files\Microchip\xc8\v2.32\pic\sources\c99\common\strlen.c estimated size: 54

C:\Program Files\Microchip\xc8\v2.32\pic\sources\c99\common\strcmp.c
		_strcmp        		CODE           	10AEA	0000	120

C:\Program Files\Microchip\xc8\v2.32\pic\sources\c99\common\strcmp.c estimated size: 120

C:\Program Files\Microchip\xc8\v2.32\pic\sources\c99\common\strcpy.c
		_strcpy        		CODE           	10D6E	0000	68

C:\Program Files\Microchip\xc8\v2.32\pic\sources\c99\common\strcpy.c estimated size: 68

